// Jest Snapshot v1, https://goo.gl/fbAQLP

exports[`<NotificationsDrawer /> Should render and match the snapshot 1`] = `
<div
  class="makeStyles-root-13"
>
  <button
    aria-label="open drawer"
    class="MuiButtonBase-root MuiIconButton-root makeStyles-menuButton-16 MuiIconButton-colorInherit MuiIconButton-edgeStart"
    tabindex="0"
    type="button"
  >
    <span
      class="MuiIconButton-label"
    >
      <svg
        aria-hidden="true"
        class="MuiSvgIcon-root"
        focusable="false"
        viewBox="0 0 24 24"
      >
        <path
          d="M3 18h18v-2H3v2zm0-5h18v-2H3v2zm0-7v2h18V6H3z"
        />
      </svg>
    </span>
    <span
      class="MuiTouchRipple-root"
    />
  </button>
  <div
    class="MuiDrawer-root MuiDrawer-docked makeStyles-drawer-18"
  >
    <div
      class="MuiPaper-root MuiDrawer-paper makeStyles-drawerPaperOnMainDrawerOpen-20 MuiDrawer-paperAnchorLeft MuiDrawer-paperAnchorDockedLeft MuiPaper-elevation0"
      style="visibility: hidden; webkit-transform: translateX(-0px); transform: translateX(-0px);"
    >
      <hr
        class="MuiDivider-root"
      />
      <ul
        class="MuiList-root MuiList-padding"
        style="font-family: MarsCentra-Book;"
      >
        <div
          aria-disabled="false"
          class="MuiButtonBase-root MuiListItem-root MuiListItem-gutters MuiListItem-button"
          role="button"
          style="font-family: MarsCentra-Book;"
          tabindex="0"
        >
          <div
            class="MuiListItemIcon-root"
          >
            <svg
              aria-hidden="true"
              class="MuiSvgIcon-root"
              focusable="false"
              viewBox="0 0 24 24"
            >
              <path
                d="M19 3H4.99c-1.11 0-1.98.9-1.98 2L3 19c0 1.1.88 2 1.99 2H19c1.1 0 2-.9 2-2V5c0-1.1-.9-2-2-2zm0 12h-4c0 1.66-1.35 3-3 3s-3-1.34-3-3H4.99V5H19v10zm-3-5h-2V7h-4v3H8l4 4 4-4z"
              />
            </svg>
          </div>
          <div
            class="MuiListItemText-root"
            style="font-family: MarsCentra-Book;"
          >
            <span
              class="MuiTypography-root MuiListItemText-primary MuiTypography-body1 MuiTypography-displayBlock"
            >
              All
            </span>
          </div>
          <span
            class="MuiTouchRipple-root"
          />
        </div>
        <div
          aria-disabled="false"
          class="MuiButtonBase-root MuiListItem-root MuiListItem-gutters MuiListItem-button"
          role="button"
          style="font-family: MarsCentra-Book;"
          tabindex="0"
        >
          <div
            class="MuiListItemIcon-root"
          >
            <svg
              aria-hidden="true"
              class="MuiSvgIcon-root"
              focusable="false"
              viewBox="0 0 24 24"
            >
              <path
                d="M20 4H4c-1.1 0-1.99.9-1.99 2L2 18c0 1.1.9 2 2 2h16c1.1 0 2-.9 2-2V6c0-1.1-.9-2-2-2zm0 4l-8 5-8-5V6l8 5 8-5v2z"
              />
            </svg>
          </div>
          <div
            class="MuiListItemText-root"
            style="font-family: MarsCentra-Book;"
          >
            <span
              class="MuiTypography-root MuiListItemText-primary MuiTypography-body1 MuiTypography-displayBlock"
            >
              Bookmarks
            </span>
          </div>
          <span
            class="MuiTouchRipple-root"
          />
        </div>
      </ul>
      <div
        class="makeStyles-drawerHeader-21"
      >
        <button
          class="MuiButtonBase-root MuiIconButton-root"
          tabindex="0"
          type="button"
        >
          <span
            class="MuiIconButton-label"
          >
            <svg
              aria-hidden="true"
              class="MuiSvgIcon-root"
              focusable="false"
              viewBox="0 0 24 24"
            >
              <path
                d="M15.41 7.41L14 6l-6 6 6 6 1.41-1.41L10.83 12z"
              />
            </svg>
          </span>
          <span
            class="MuiTouchRipple-root"
          />
        </button>
      </div>
    </div>
  </div>
  <main
    class="makeStyles-content-22"
  />
  <div
    class="makeStyles-drawerHeader-21"
  />
  <nav
    aria-label="contacts"
    class="MuiList-root makeStyles-list-24 MuiList-padding"
  >
    <div
      aria-disabled="false"
      class="MuiButtonBase-root MuiListItem-root MuiListItem-gutters MuiListItem-button"
      role="button"
      tabindex="0"
    >
      <div
        class="MuiListItemText-root"
      >
        <span
          class="MuiTypography-root MuiListItemText-primary MuiTypography-body1 MuiTypography-displayBlock"
        >
          Pedigree stock is at High Risk!
        </span>
      </div>
      <button
        aria-label="delete"
        class="MuiButtonBase-root MuiIconButton-root MuiIconButton-edgeEnd"
        tabindex="0"
        type="button"
      >
        <span
          class="MuiIconButton-label"
        >
          <svg
            aria-hidden="true"
            class="MuiSvgIcon-root"
            focusable="false"
            viewBox="0 0 24 24"
          >
            <path
              d="M12 17.27L18.18 21l-1.64-7.03L22 9.24l-7.19-.61L12 2 9.19 8.63 2 9.24l5.46 4.73L5.82 21z"
            />
          </svg>
        </span>
        <span
          class="MuiTouchRipple-root"
        />
      </button>
      <span
        class="MuiTouchRipple-root"
      />
    </div>
    <div
      aria-disabled="false"
      class="MuiButtonBase-root MuiListItem-root MuiListItem-gutters MuiListItem-button"
      role="button"
      tabindex="0"
    >
      <div
        class="MuiListItemText-root"
      >
        <span
          class="MuiTypography-root MuiListItemText-primary MuiTypography-body1 MuiTypography-displayBlock"
        >
          M & M's are at OOS Risk!
        </span>
      </div>
      <button
        aria-label="delete"
        class="MuiButtonBase-root MuiIconButton-root MuiIconButton-edgeEnd"
        tabindex="0"
        type="button"
      >
        <span
          class="MuiIconButton-label"
        >
          <svg
            aria-hidden="true"
            class="MuiSvgIcon-root"
            focusable="false"
            viewBox="0 0 24 24"
          >
            <path
              d="M12 17.27L18.18 21l-1.64-7.03L22 9.24l-7.19-.61L12 2 9.19 8.63 2 9.24l5.46 4.73L5.82 21z"
            />
          </svg>
        </span>
        <span
          class="MuiTouchRipple-root"
        />
      </button>
      <span
        class="MuiTouchRipple-root"
      />
    </div>
    <div
      aria-disabled="false"
      class="MuiButtonBase-root MuiListItem-root MuiListItem-gutters MuiListItem-button"
      role="button"
      tabindex="0"
    >
      <div
        class="MuiListItemText-root"
      >
        <span
          class="MuiTypography-root MuiListItemText-primary MuiTypography-body1 MuiTypography-displayBlock"
        >
          The products at high risk are above threshold value!
        </span>
      </div>
      <button
        aria-label="delete"
        class="MuiButtonBase-root MuiIconButton-root MuiIconButton-edgeEnd"
        tabindex="0"
        type="button"
      >
        <span
          class="MuiIconButton-label"
        >
          <svg
            aria-hidden="true"
            class="MuiSvgIcon-root"
            focusable="false"
            viewBox="0 0 24 24"
          >
            <path
              d="M12 17.27L18.18 21l-1.64-7.03L22 9.24l-7.19-.61L12 2 9.19 8.63 2 9.24l5.46 4.73L5.82 21z"
            />
          </svg>
        </span>
        <span
          class="MuiTouchRipple-root"
        />
      </button>
      <span
        class="MuiTouchRipple-root"
      />
    </div>
    <div
      aria-disabled="false"
      class="MuiButtonBase-root MuiListItem-root MuiListItem-gutters MuiListItem-button"
      role="button"
      tabindex="0"
    >
      <div
        class="MuiListItemText-root"
      >
        <span
          class="MuiTypography-root MuiListItemText-primary MuiTypography-body1 MuiTypography-displayBlock"
        >
          The products at OOS risk are above threshold value!
        </span>
      </div>
      <button
        aria-label="delete"
        class="MuiButtonBase-root MuiIconButton-root MuiIconButton-edgeEnd"
        tabindex="0"
        type="button"
      >
        <span
          class="MuiIconButton-label"
        >
          <svg
            aria-hidden="true"
            class="MuiSvgIcon-root"
            focusable="false"
            viewBox="0 0 24 24"
          >
            <path
              d="M12 17.27L18.18 21l-1.64-7.03L22 9.24l-7.19-.61L12 2 9.19 8.63 2 9.24l5.46 4.73L5.82 21z"
            />
          </svg>
        </span>
        <span
          class="MuiTouchRipple-root"
        />
      </button>
      <span
        class="MuiTouchRipple-root"
      />
    </div>
  </nav>
</div>
`;
