// Jest Snapshot v1, https://goo.gl/fbAQLP

exports[`<HelpMenu /> Should render and match the snapshot 1`] = `
<div
  class="makeStyles-root-4"
>
  <button
    aria-controls="customized-menu"
    aria-haspopup="true"
    class="MuiButtonBase-root MuiIconButton-root makeStyles-iconButton-3"
    id="seleniumHelpMenuButton"
    tabindex="0"
    title="help"
    type="button"
    variant="contained"
  >
    <span
      class="MuiIconButton-label"
    >
      <svg
        aria-hidden="true"
        class="MuiSvgIcon-root makeStyles-iconSize-1"
        focusable="false"
        viewBox="0 0 24 24"
      >
        <path
          d="M11 18h2v-2h-2v2zm1-16C6.48 2 2 6.48 2 12s4.48 10 10 10 10-4.48 10-10S17.52 2 12 2zm0 18c-4.41 0-8-3.59-8-8s3.59-8 8-8 8 3.59 8 8-3.59 8-8 8zm0-14c-2.21 0-4 1.79-4 4h2c0-1.1.9-2 2-2s2 .9 2 2c0 2-3 1.75-3 5h2c0-2.25 3-2.5 3-5 0-2.21-1.79-4-4-4z"
        />
      </svg>
    </span>
    <span
      class="MuiTouchRipple-root"
    />
  </button>
</div>
`;
