// Jest Snapshot v1, https://goo.gl/fbAQLP

exports[`<CombinedMenu /> Should render and match the snapshot 1`] = `
<div
  class="makeStyles-root-3"
>
  <button
    aria-controls="customized-menu"
    aria-haspopup="true"
    class="MuiButtonBase-root MuiIconButton-root makeStyles-iconButton-6"
    id="seleniumHelpMenuButton"
    tabindex="0"
    title="help"
    type="button"
    variant="contained"
  >
    <span
      class="MuiIconButton-label"
    >
      <svg
        aria-hidden="true"
        class="MuiSvgIcon-root makeStyles-iconSize-4"
        focusable="false"
        viewBox="0 0 24 24"
      >
        <path
          d="M12 8c1.1 0 2-.9 2-2s-.9-2-2-2-2 .9-2 2 .9 2 2 2zm0 2c-1.1 0-2 .9-2 2s.9 2 2 2 2-.9 2-2-.9-2-2-2zm0 6c-1.1 0-2 .9-2 2s.9 2 2 2 2-.9 2-2-.9-2-2-2z"
        />
      </svg>
    </span>
    <span
      class="MuiTouchRipple-root"
    />
  </button>
</div>
`;
